// Vitest Snapshot v1, https://vitest.dev/guide/snapshot.html

exports[`cron-worker STEP 1 — customer_status 三段式 SQL > #254 覆盖域穷举：单一快照下无「该改却没人碰」的行 > SQL 全文快照 —— 变红说明 SQL 改了，请同步下面的 seg*Hits 模型 1`] = `
{
  "seg1": "
UPDATE client_wechat_users
   SET customer_status = NULL, updated_at = NOW()
 WHERE customer_status IS NOT NULL
   AND customer_type != '会员客'
",
  "seg2": "
WITH visit_stats AS (
  SELECT so.client_user_id,
         MAX(so.service_date) AS last_service_date,
         COUNT(DISTINCT so.service_date) AS total_visits,
         COUNT(DISTINCT so.service_date) FILTER (
           WHERE so.service_date >= CURRENT_DATE - INTERVAL '90 days'
         ) AS visits_90d
  FROM service_orders so
  WHERE so.status = '已完成' AND so.client_user_id IS NOT NULL
  GROUP BY so.client_user_id
)
UPDATE client_wechat_users u
   SET customer_status = CASE
         WHEN vs.visits_90d >= 1 AND vs.total_visits >= 6 THEN '保有会员-稳定'::customer_status
         WHEN vs.visits_90d >= 1 AND vs.total_visits <= 5 THEN '保有会员-有效'::customer_status
         WHEN vs.last_service_date >= CURRENT_DATE - INTERVAL '6 months' THEN '沉睡'::customer_status
         WHEN vs.last_service_date >= CURRENT_DATE - INTERVAL '12 months' THEN '冰冻'::customer_status
         ELSE '休眠'::customer_status
       END,
       updated_at = NOW()
  FROM visit_stats vs
 WHERE u.user_id = vs.client_user_id
   AND u.customer_type = '会员客'
",
  "seg3": "
UPDATE client_wechat_users u
   SET customer_status = '休眠'::customer_status, updated_at = NOW()
 WHERE u.customer_type = '会员客'
   AND u.customer_status IS DISTINCT FROM '休眠'::customer_status
   AND NOT EXISTS (
     SELECT 1 FROM service_orders so
      WHERE so.client_user_id = u.user_id AND so.status = '已完成'
   )
",
}
`;
