// Vitest Snapshot v1, https://vitest.dev/guide/snapshot.html

exports[`#401 数据中心取数在营接线 · 运行时闭集 > 每个 action × 范围下，各条 SQL 含在营子查询的次数钉快照（双 scope 查询删掉任一侧即变红） 1`] = `
{
  "commission:exportCommissionDetail all": [
    2,
    2,
  ],
  "commission:exportCommissionDetail authorized": [
    2,
    2,
  ],
  "commission:exportCommissionDetail market": [
    2,
    2,
  ],
  "commission:exportCommissionDetail store": [
    2,
    2,
  ],
  "commission:getCommissionDaily all": [
    1,
    1,
    2,
    2,
  ],
  "commission:getCommissionDaily authorized": [
    1,
    1,
    2,
    2,
  ],
  "commission:getCommissionDaily market": [
    1,
    1,
    2,
    2,
  ],
  "commission:getCommissionDaily store": [
    1,
    1,
    2,
    2,
  ],
  "commission:getCommissionDetail all": [
    2,
    2,
    2,
  ],
  "commission:getCommissionDetail authorized": [
    2,
    2,
    2,
  ],
  "commission:getCommissionDetail market": [
    2,
    2,
    2,
  ],
  "commission:getCommissionDetail store": [
    2,
    2,
    2,
  ],
  "customer-frequency:exportCustomerFrequencyReport all": [
    1,
  ],
  "customer-frequency:exportCustomerFrequencyReport authorized": [
    1,
  ],
  "customer-frequency:exportCustomerFrequencyReport market": [
    1,
  ],
  "customer-frequency:exportCustomerFrequencyReport store": [
    1,
  ],
  "customer-frequency:getCustomerFrequencyReport all": [
    1,
  ],
  "customer-frequency:getCustomerFrequencyReport authorized": [
    1,
  ],
  "customer-frequency:getCustomerFrequencyReport market": [
    1,
  ],
  "customer-frequency:getCustomerFrequencyReport store": [
    1,
  ],
  "customer:getCustomerBoard all": [
    1,
    1,
    1,
    1,
    1,
    1,
    1,
    1,
    1,
    1,
    1,
    1,
    1,
    1,
    1,
    1,
    1,
    1,
    1,
    1,
    1,
    1,
    1,
    1,
    1,
    1,
    1,
    1,
    1,
    1,
    1,
    1,
    1,
    1,
    1,
    1,
    1,
    1,
    1,
    2,
    2,
    2,
    2,
    2,
    2,
    8,
    8,
  ],
  "customer:getCustomerBoard authorized": [
    1,
    1,
    1,
    1,
    1,
    1,
    1,
    1,
    1,
    1,
    1,
    1,
    1,
    1,
    1,
    1,
    1,
    1,
    1,
    1,
    1,
    1,
    1,
    1,
    1,
    1,
    1,
    1,
    1,
    1,
    1,
    1,
    1,
    1,
    1,
    1,
    1,
    1,
    1,
    2,
    2,
    2,
    2,
    2,
    2,
    8,
    8,
  ],
  "customer:getCustomerBoard market": [
    1,
    1,
    1,
    1,
    1,
    1,
    1,
    1,
    1,
    1,
    1,
    1,
    1,
    1,
    1,
    1,
    1,
    1,
    1,
    1,
    1,
    1,
    1,
    1,
    1,
    1,
    1,
    1,
    1,
    1,
    1,
    1,
    1,
    1,
    1,
    1,
    1,
    1,
    1,
    2,
    2,
    2,
    2,
    2,
    2,
    8,
    8,
  ],
  "customer:getCustomerBoard store": [
    1,
    1,
    1,
    1,
    1,
    1,
    1,
    1,
    1,
    1,
    1,
    1,
    1,
    1,
    1,
    1,
    1,
    1,
    1,
    1,
    1,
    1,
    1,
    1,
    1,
    1,
    1,
    1,
    1,
    1,
    1,
    1,
    1,
    1,
    1,
    1,
    1,
    1,
    1,
    2,
    2,
    2,
    2,
    2,
    2,
    8,
    8,
  ],
  "daily-overview:getDailyOverview all": [
    1,
    1,
    1,
    1,
    1,
    1,
  ],
  "daily-overview:getDailyOverview authorized": [
    1,
    1,
    1,
    1,
    1,
    1,
  ],
  "daily-overview:getDailyOverview market": [
    1,
    1,
    1,
    1,
    1,
    1,
  ],
  "daily-overview:getDailyOverview store": [
    1,
    1,
    1,
    1,
    1,
    1,
  ],
  "efficiency:getEfficiencyBoard all": [
    1,
    1,
    1,
    1,
    1,
    1,
    1,
    1,
    1,
    1,
    1,
    1,
    1,
    1,
    1,
    1,
    1,
    1,
    1,
    1,
    1,
    1,
    1,
    1,
    1,
    1,
    1,
    1,
    1,
    1,
    1,
  ],
  "efficiency:getEfficiencyBoard authorized": [
    1,
    1,
    1,
    1,
    1,
    1,
    1,
    1,
    1,
    1,
    1,
    1,
    1,
    1,
    1,
    1,
    1,
    1,
    1,
    1,
    1,
    1,
    1,
    1,
    1,
    1,
    1,
    1,
    1,
    1,
    1,
  ],
  "efficiency:getEfficiencyBoard market": [
    1,
    1,
    1,
    1,
    1,
    1,
    1,
    1,
    1,
    1,
    1,
    1,
    1,
    1,
    1,
    1,
    1,
    1,
    1,
    1,
    1,
    1,
    1,
    1,
    1,
    1,
    1,
    1,
    1,
    1,
    1,
  ],
  "efficiency:getEfficiencyBoard store": [
    1,
    1,
    1,
    1,
    1,
    1,
    1,
    1,
    1,
    1,
    1,
    1,
    1,
    1,
    1,
    1,
    1,
    1,
    1,
    1,
    1,
    1,
    1,
    1,
    1,
    1,
    1,
    1,
    1,
    1,
    1,
  ],
  "operating-master:getOperatingMaster all": [
    1,
    1,
    1,
    1,
    1,
    1,
    1,
  ],
  "operating-master:getOperatingMaster authorized": [
    1,
    1,
    1,
    1,
    1,
    1,
    1,
  ],
  "operating-master:getOperatingMaster market": [
    1,
    1,
    1,
    1,
    1,
    1,
    1,
  ],
  "operating-master:getOperatingMaster store": [
    1,
    1,
    1,
    1,
    1,
    1,
    1,
  ],
  "product:getProductBoard all": [
    1,
    1,
    1,
    1,
    1,
    1,
    1,
    1,
    1,
    1,
    1,
    1,
    1,
    1,
    1,
    1,
    1,
    1,
    1,
    1,
    1,
  ],
  "product:getProductBoard authorized": [
    1,
    1,
    1,
    1,
    1,
    1,
    1,
    1,
    1,
    1,
    1,
    1,
    1,
    1,
    1,
    1,
    1,
    1,
    1,
    1,
    1,
  ],
  "product:getProductBoard market": [
    1,
    1,
    1,
    1,
    1,
    1,
    1,
    1,
    1,
    1,
    1,
    1,
    1,
    1,
    1,
    1,
    1,
    1,
    1,
    1,
    1,
  ],
  "product:getProductBoard store": [
    1,
    1,
    1,
    1,
    1,
    1,
    1,
    1,
    1,
    1,
    1,
    1,
    1,
    1,
    1,
    1,
    1,
    1,
    1,
    1,
    1,
  ],
  "remaining-cards:exportRemainingCardsReport all": [
    2,
  ],
  "remaining-cards:exportRemainingCardsReport authorized": [
    2,
  ],
  "remaining-cards:exportRemainingCardsReport market": [
    2,
  ],
  "remaining-cards:exportRemainingCardsReport store": [
    2,
  ],
  "remaining-cards:getRemainingCardsReport all": [
    2,
  ],
  "remaining-cards:getRemainingCardsReport authorized": [
    2,
  ],
  "remaining-cards:getRemainingCardsReport market": [
    2,
  ],
  "remaining-cards:getRemainingCardsReport store": [
    2,
  ],
  "sales:getSalesBoard all": [
    1,
    1,
    1,
    1,
    1,
    1,
    1,
    1,
    1,
    1,
    1,
    1,
    1,
    1,
    1,
    1,
    1,
    1,
    1,
    1,
    1,
    1,
    1,
    1,
    1,
    1,
    1,
    1,
    1,
    1,
    1,
    1,
    1,
  ],
  "sales:getSalesBoard authorized": [
    1,
    1,
    1,
    1,
    1,
    1,
    1,
    1,
    1,
    1,
    1,
    1,
    1,
    1,
    1,
    1,
    1,
    1,
    1,
    1,
    1,
    1,
    1,
    1,
    1,
    1,
    1,
    1,
    1,
    1,
    1,
    1,
    1,
  ],
  "sales:getSalesBoard market": [
    1,
    1,
    1,
    1,
    1,
    1,
    1,
    1,
    1,
    1,
    1,
    1,
    1,
    1,
    1,
    1,
    1,
    1,
    1,
    1,
    1,
    1,
    1,
    1,
    1,
    1,
    1,
    1,
    1,
    1,
    1,
    1,
    1,
  ],
  "sales:getSalesBoard store": [
    1,
    1,
    1,
    1,
    1,
    1,
    1,
    1,
    1,
    1,
    1,
    1,
    1,
    1,
    1,
    1,
    1,
    1,
    1,
    1,
    1,
    1,
    1,
    1,
    1,
    1,
    1,
    1,
    1,
    1,
    1,
    1,
    1,
  ],
}
`;
