// Vitest Snapshot v1, https://vitest.dev/guide/snapshot.html

exports[`断言1：staff / clientApi / payNotify 三个 pg 版 capturePaymentAllocatables 函数体字面一致 > Snapshot 守护：canonical capturePaymentAllocatables 函数体文本快照 1`] = `
"async function capturePaymentAllocatables(client, { salePaymentId, saleOrderId, eventAmount, directedItems }) {
  const evt = roundCents(Number(eventAmount))
  if (!salePaymentId || !(evt > 0)) return []

  const ordRes = await client.query(
    'SELECT sale_order_type, legacy_source FROM sale_orders WHERE sale_order_id = $1',
    [saleOrderId],
  )
  const ord = ordRes.rows[0]
  if (!ord || !ALLOCATABLE_ORDER_TYPES.includes(ord.sale_order_type) || ord.legacy_source === 'workfine') {
    return []
  }

  const itemsRes = await client.query(
    \`SELECT sale_item_id, sale_amount::numeric AS sale_amount, pending_received::numeric AS pending_received, sales_category
       FROM sale_items
      WHERE sale_order_id = $1
        AND item_direction = '购买'
      ORDER BY sale_item_id\`,
    [saleOrderId],
  )
  const items = itemsRes.rows

  if (items.length === 0) {
    const convRes = await client.query(
      \`SELECT sale_item_id, sale_amount::numeric AS sale_amount, sales_category
         FROM sale_items
        WHERE sale_order_id = $1
          AND item_direction IN ('转出', '转入')
        ORDER BY sale_item_id\`,
      [saleOrderId],
    )
    const rows = convRes.rows
    if (rows.length === 0) return []

    const convGuard = await client.query(\`UPDATE sale_order_payments SET allocation_status = '待分配' WHERE id = $1 AND (allocation_status IS NULL OR allocation_status = '待分配')\`, [salePaymentId])
    if (convGuard.rowCount === 0) return []
    const perItem = allocateSignedCents(
      Math.round(evt * 100),
      rows.map((r) => ({ saleItemId: r.sale_item_id, weightCents: Math.round(Math.abs(Number(r.sale_amount)) * 100) })),
    )

    const catMap = new Map(rows.map((r) => [r.sale_item_id, r.sales_category]))
    const out = []
    for (const d of perItem) {
      const receiptId = await upsertReceipt(client, {
        salePaymentId,
        saleOrderId,
        saleItemId: d.saleItemId,
        amount: d.amount,
        salesCategory: catMap.get(d.saleItemId) || null,
      })
      out.push({ receiptId, saleItemId: d.saleItemId, amount: d.amount, salesCategory: catMap.get(d.saleItemId) || null })
    }
    return out
  }

  const catMap = new Map(items.map((i) => [i.sale_item_id, i.sales_category]))
  let perItem = []

  if (Array.isArray(directedItems) && directedItems.length > 0) {
    perItem = directedItems
      .map((d) => ({ saleItemId: String(d.saleItemId), amount: roundCents(Number(d.amount)) }))
      .filter((d) => catMap.has(d.saleItemId) && d.amount > 0)
  } else {
    const priorRes = await client.query(
      \`SELECT spir.sale_item_id, COALESCE(SUM(spir.amount::numeric), 0) AS allocated
         FROM sale_payment_item_receipts spir
         JOIN sale_order_payments sop ON sop.id = spir.sale_payment_id
        WHERE spir.sale_order_id = $1
          AND sop.status = '已支付'
          AND sop.change_type IN ('首次支付','回款','储值卡抵扣')
        GROUP BY spir.sale_item_id\`,
      [saleOrderId],
    )
    const priorMap = new Map(priorRes.rows.map((r) => [r.sale_item_id, Number(r.allocated)]))
    const caps = items.map((i) => {
      const prior = priorMap.get(i.sale_item_id) || 0
      const pending = Number(i.pending_received)
      const saleAmt = Number(i.sale_amount)
      return {
        saleItemId: i.sale_item_id,
        pendCap: Math.max(0, roundCents(pending - prior)),
        saleCap: Math.max(0, roundCents(saleAmt - Math.max(pending, prior))),
      }
    })
    const pendCapTotal = roundCents(caps.reduce((s, c) => s + c.pendCap, 0))
    const saleCapTotal = roundCents(caps.reduce((s, c) => s + c.saleCap, 0))
    const evtCents = Math.round(evt * 100)

    const allocate = (amountCents, weightCaps) => {
      const positive = weightCaps.filter((c) => c.cap > 0)
      const totalW = positive.reduce((s, c) => s + c.cap, 0)
      if (totalW <= 0 || amountCents <= 0) return new Map()
      const parts = positive.map((c) => {
        const exact = (amountCents * c.cap) / totalW
        const cents = Math.floor(exact)
        return { saleItemId: c.saleItemId, cents, frac: exact - cents }
      })
      const rem = amountCents - parts.reduce((s, p) => s + p.cents, 0)
      parts.sort((a, b) => b.frac - a.frac)
      for (let i = 0; i < rem; i++) parts[i].cents += 1
      return new Map(parts.map((p) => [p.saleItemId, p.cents]))
    }

    const acc = new Map()
    const addCents = (m) => {
      for (const [k, v] of m) acc.set(k, (acc.get(k) || 0) + v)
    }

    if (pendCapTotal > 0 || saleCapTotal > 0) {
      const phase1Cents = Math.min(evtCents, Math.round(pendCapTotal * 100))
      addCents(allocate(phase1Cents, caps.map((c) => ({ saleItemId: c.saleItemId, cap: c.pendCap }))))
      const phase2Cents = evtCents - phase1Cents
      if (phase2Cents > 0) {
        addCents(allocate(phase2Cents, caps.map((c) => ({ saleItemId: c.saleItemId, cap: c.saleCap }))))
      }
      perItem = items
        .map((i) => ({ saleItemId: i.sale_item_id, amount: (acc.get(i.sale_item_id) || 0) / 100 }))
        .filter((d) => d.amount > 0)
    } else {
      perItem = [{ saleItemId: items[0].sale_item_id, amount: evt }]
    }
  }

  // CAS guard: 若已是 已分配（payNotify 重试/并发），跳过 receipt 写入
  const guardRes = await client.query(\`UPDATE sale_order_payments SET allocation_status = '待分配' WHERE id = $1 AND (allocation_status IS NULL OR allocation_status = '待分配')\`, [salePaymentId])
  if (guardRes.rowCount === 0) return []

  const out = []
  for (const d of perItem) {
    const cat = catMap.get(d.saleItemId) || null
    const receiptId = await upsertReceipt(client, {
      salePaymentId,
      saleOrderId,
      saleItemId: d.saleItemId,
      amount: d.amount,
      salesCategory: cat,
    })
    out.push({ receiptId, saleItemId: d.saleItemId, amount: d.amount, salesCategory: cat })
  }

  return out
}"
`;
