// Vitest Snapshot v1, https://vitest.dev/guide/snapshot.html

exports[`PR #113 进销存单据组织端点跨端守护（staff / admin / schema） > Snapshot 守护（提交后任一项漂移立即可见） > 单据类型集合与端点口径文本快照 1`] = `
{
  "docPrefix": [
    "供应链员工购出库=GYG",
    "供应链退货入库=GTR",
    "供应链采购入库=GRK",
    "内部领用=NLY",
    "分院库存盘点=YPD",
    "分院调货入库=DTI",
    "分院调货出库=DTO",
    "分院配货=FPH",
    "员工购出库=YGG",
    "品项公司发货=GFH",
    "品项公司报货需求=ZBH",
    "市场产品报损=MBS",
    "市场产品盘溢=MPY",
    "市场库存盘点=MPD",
    "市场报货=MBH",
    "市场报货汇总=MHZ",
    "市场退货=MTH",
    "市场退货入库=MTR",
    "市场采购入库=MRK",
    "市场间调货入库=MTI",
    "市场间调货出库=MTO",
    "库存转换入库=ZHI",
    "库存转换出库=ZHO",
    "期初库存=QC",
    "自采产品入库=ZRK",
    "采购订单=CGD",
    "门店报货=DBH",
    "院产品报损=YBS",
    "院入库=YRK",
    "院退货=YTH",
    "院顾客产品出库=GCK",
    "院顾客退货=GTH",
    "非凤御市场出库=FFY",
  ],
  "inbound": [
    "供应链退货入库",
    "供应链采购入库",
    "分院调货入库",
    "市场产品盘溢",
    "市场退货入库",
    "市场采购入库",
    "市场间调货入库",
    "库存转换入库",
    "期初库存",
    "自采产品入库",
    "院入库",
    "院顾客退货",
  ],
  "outbound": [
    "供应链员工购出库",
    "内部领用",
    "员工购出库",
    "市场产品报损",
    "市场退货",
    "库存转换出库",
    "院产品报损",
    "院退货",
    "院顾客产品出库",
    "非凤御市场出库",
  ],
  "receiveInbound": [
    "分院调货出库=分院调货入库",
    "分院配货=院入库",
    "品项公司发货=市场采购入库",
    "市场间调货出库=市场间调货入库",
  ],
  "thrownPrefixes": [
    "CONFLICT",
    "INVALID_PARAMS",
    "INVALID_STATE",
    "NOT_FOUND",
    "PERMISSION_DENIED",
  ],
}
`;
