// Vitest Snapshot v1, https://vitest.dev/guide/snapshot.html

exports[`#401 管理层取数在营接线 · 运行时闭集 > 每个 handler × 范围下，各条 SQL 含在营子查询的次数钉快照（双 scope 查询删掉任一侧即变红） 1`] = `
{
  "mgmt-dashboard:salesData all": [
    1,
    1,
    1,
    1,
    1,
    1,
    1,
    1,
  ],
  "mgmt-dashboard:salesData market": [
    1,
    1,
    1,
    1,
    1,
    1,
    1,
    1,
  ],
  "mgmt-dashboard:salesData store": [
    1,
    1,
    1,
    1,
    1,
    1,
    1,
    1,
  ],
  "mgmt-dashboard:staffRanking[consume] all": [
    1,
  ],
  "mgmt-dashboard:staffRanking[consume] market": [
    1,
  ],
  "mgmt-dashboard:staffRanking[consume] store": [
    1,
  ],
  "mgmt-dashboard:staffRanking[footfall] all": [
    1,
  ],
  "mgmt-dashboard:staffRanking[footfall] market": [
    1,
  ],
  "mgmt-dashboard:staffRanking[footfall] store": [
    1,
  ],
  "mgmt-dashboard:staffRanking[income] all": [
    1,
  ],
  "mgmt-dashboard:staffRanking[income] market": [
    1,
  ],
  "mgmt-dashboard:staffRanking[income] store": [
    1,
  ],
  "mgmt-dashboard:staffRanking[newMember] all": [
    1,
  ],
  "mgmt-dashboard:staffRanking[newMember] market": [
    1,
  ],
  "mgmt-dashboard:staffRanking[newMember] store": [
    1,
  ],
  "mgmt-dashboard:staffRanking[projectCount] all": [
    1,
  ],
  "mgmt-dashboard:staffRanking[projectCount] market": [
    1,
  ],
  "mgmt-dashboard:staffRanking[projectCount] store": [
    1,
  ],
  "mgmt-dashboard:staffRanking[revenue] all": [
    1,
  ],
  "mgmt-dashboard:staffRanking[revenue] market": [
    1,
  ],
  "mgmt-dashboard:staffRanking[revenue] store": [
    1,
  ],
  "mgmt-dashboard:storeRanking[consume] all": [
    1,
  ],
  "mgmt-dashboard:storeRanking[consume] market": [
    1,
  ],
  "mgmt-dashboard:storeRanking[consume] store": [
    1,
  ],
  "mgmt-dashboard:storeRanking[footfall] all": [
    1,
  ],
  "mgmt-dashboard:storeRanking[footfall] market": [
    1,
  ],
  "mgmt-dashboard:storeRanking[footfall] store": [
    1,
  ],
  "mgmt-dashboard:storeRanking[newMember] all": [
    1,
  ],
  "mgmt-dashboard:storeRanking[newMember] market": [
    1,
  ],
  "mgmt-dashboard:storeRanking[newMember] store": [
    1,
  ],
  "mgmt-dashboard:storeRanking[projectCount] all": [
    1,
  ],
  "mgmt-dashboard:storeRanking[projectCount] market": [
    1,
  ],
  "mgmt-dashboard:storeRanking[projectCount] store": [
    1,
  ],
  "mgmt-dashboard:storeRanking[retainedMember] all": [
    1,
  ],
  "mgmt-dashboard:storeRanking[retainedMember] market": [
    1,
  ],
  "mgmt-dashboard:storeRanking[retainedMember] store": [
    1,
  ],
  "mgmt-dashboard:storeRanking[revenue] all": [
    1,
  ],
  "mgmt-dashboard:storeRanking[revenue] market": [
    1,
  ],
  "mgmt-dashboard:storeRanking[revenue] store": [
    1,
  ],
  "mgmt-dashboard:summary all": [
    1,
    1,
    1,
    1,
    1,
    1,
    1,
    1,
    1,
    1,
    1,
    1,
    1,
    1,
    1,
    1,
    1,
    1,
    1,
    1,
    1,
    1,
    1,
    1,
    1,
    1,
  ],
  "mgmt-dashboard:summary market": [
    1,
    1,
    1,
    1,
    1,
    1,
    1,
    1,
    1,
    1,
    1,
    1,
    1,
    1,
    1,
    1,
    1,
    1,
    1,
    1,
    1,
    1,
    1,
    1,
    1,
    1,
  ],
  "mgmt-dashboard:summary store": [
    1,
    1,
    1,
    1,
    1,
    1,
    1,
    1,
    1,
    1,
    1,
    1,
    1,
    1,
    1,
    1,
    1,
    1,
    1,
    1,
    1,
    1,
    1,
    1,
    1,
    1,
  ],
  "mgmt-product:cardHolders all": [
    1,
    1,
  ],
  "mgmt-product:cardHolders market": [
    1,
    1,
  ],
  "mgmt-product:cardHolders store": [
    1,
    1,
  ],
  "mgmt-product:cycleStats all": [
    1,
  ],
  "mgmt-product:cycleStats market": [
    1,
  ],
  "mgmt-product:cycleStats store": [
    1,
  ],
  "mgmt-traffic:summary all": [
    1,
    1,
    1,
    1,
    1,
    1,
    1,
    1,
    1,
    1,
    1,
    2,
    2,
    2,
    2,
    2,
    2,
  ],
  "mgmt-traffic:summary market": [
    1,
    1,
    1,
    1,
    1,
    1,
    1,
    1,
    1,
    1,
    1,
    2,
    2,
    2,
    2,
    2,
    2,
  ],
  "mgmt-traffic:summary store": [
    1,
    1,
    1,
    1,
    1,
    1,
    1,
    1,
    1,
    1,
    1,
    2,
    2,
    2,
    2,
    2,
    2,
  ],
}
`;
